Unable to find image 'ghcr.io/zaproxy/zaproxy:stable' locally
stable: Pulling from zaproxy/zaproxy
039e6f9f9752: Pulling fs layer
d6b9d96ab582: Pulling fs layer
a3cc44adff2f: Pulling fs layer
b4d37c583758: Pulling fs layer
b4d37c583758: Waiting
bd527f0cd38b: Pulling fs layer
bd527f0cd38b: Waiting
d216f30309c1: Pulling fs layer
4f4fb700ef54: Pulling fs layer
d216f30309c1: Waiting
0d2cbb6a3c69: Pulling fs layer
4f4fb700ef54: Waiting
c0b230616ec7: Pulling fs layer
0d2cbb6a3c69: Waiting
7e90f09586cd: Pulling fs layer
c0b230616ec7: Waiting
7e90f09586cd: Waiting
f508357c279f: Pulling fs layer
16465afc17cf: Pulling fs layer
f508357c279f: Waiting
372beebcd1ba: Pulling fs layer
16465afc17cf: Waiting
ef80d0c5902f: Pulling fs layer
372beebcd1ba: Waiting
1a1e22703782: Pulling fs layer
ef80d0c5902f: Waiting
832a68ab77b4: Pulling fs layer
1a1e22703782: Waiting
8c78b421bef3: Pulling fs layer
832a68ab77b4: Waiting
8c78b421bef3: Waiting
a59279b59ae8: Pulling fs layer
a59279b59ae8: Waiting
5c554884f9ef: Pulling fs layer
5c554884f9ef: Waiting
bda18bc6327a: Pulling fs layer
bda18bc6327a: Waiting
a3cc44adff2f: Verifying Checksum
a3cc44adff2f: Download complete
b4d37c583758: Download complete
039e6f9f9752: Verifying Checksum
039e6f9f9752: Download complete
bd527f0cd38b: Download complete
d216f30309c1: Verifying Checksum
d216f30309c1: Download complete
4f4fb700ef54: Verifying Checksum
4f4fb700ef54: Download complete
0d2cbb6a3c69: Verifying Checksum
0d2cbb6a3c69: Download complete
039e6f9f9752: Pull complete
d6b9d96ab582: Verifying Checksum
d6b9d96ab582: Download complete
f508357c279f: Download complete
16465afc17cf: Verifying Checksum
16465afc17cf: Download complete
372beebcd1ba: Download complete
ef80d0c5902f: Download complete
1a1e22703782: Verifying Checksum
1a1e22703782: Download complete
832a68ab77b4: Verifying Checksum
832a68ab77b4: Download complete
8c78b421bef3: Verifying Checksum
8c78b421bef3: Download complete
a59279b59ae8: Download complete
5c554884f9ef: Download complete
bda18bc6327a: Download complete
7e90f09586cd: Download complete
c0b230616ec7: Verifying Checksum
c0b230616ec7: Download complete
d6b9d96ab582: Pull complete
a3cc44adff2f: Pull complete
b4d37c583758: Pull complete
bd527f0cd38b: Pull complete
d216f30309c1: Pull complete
4f4fb700ef54: Pull complete
0d2cbb6a3c69: Pull complete
c0b230616ec7: Pull complete
7e90f09586cd: Pull complete
f508357c279f: Pull complete
16465afc17cf: Pull complete
372beebcd1ba: Pull complete
ef80d0c5902f: Pull complete
1a1e22703782: Pull complete
832a68ab77b4: Pull complete
8c78b421bef3: Pull complete
a59279b59ae8: Pull complete
5c554884f9ef: Pull complete
bda18bc6327a: Pull complete
Digest: sha256:781a2bdaea47324e7bab583e2263f21d257b0aee61ed51521a5be45f5f5081ef
Status: Downloaded newer image for ghcr.io/zaproxy/zaproxy:stable
Using the Automation Framework
Total of 10 URLs
PASS: Vulnerable JS Library (Powered by Retire.js) [10003]
PASS: In Page Banner Information Leak [10009]
PASS: Cookie No HttpOnly Flag [10010]
PASS: Cookie Without Secure Flag [10011]
PASS: Re-examine Cache-control Directives [10015]
PASS: Cross-Domain JavaScript Source File Inclusion [10017]
PASS: Content-Type Header Missing [10019]
PASS: Information Disclosure - Debug Error Messages [10023]
PASS: Information Disclosure - Sensitive Information in URL [10024]
PASS: Information Disclosure - Sensitive Information in HTTP Referrer Header [10025]
PASS: HTTP Parameter Override [10026]
PASS: Information Disclosure - Suspicious Comments [10027]
PASS: Off-site Redirect [10028]
PASS: Cookie Poisoning [10029]
PASS: User Controllable Charset [10030]
PASS: User Controllable HTML Element Attribute (Potential XSS) [10031]
PASS: Viewstate [10032]
PASS: Directory Browsing [10033]
PASS: Heartbleed OpenSSL Vulnerability (Indicative) [10034]
PASS: Strict-Transport-Security Header [10035]
PASS: Server Leaks Information via "X-Powered-By" HTTP Response Header Field(s) [10037]
PASS: X-Backend-Server Header Information Leak [10039]
PASS: Secure Pages Include Mixed Content [10040]
PASS: HTTP to HTTPS Insecure Transition in Form Post [10041]
PASS: HTTPS to HTTP Insecure Transition in Form Post [10042]
PASS: User Controllable JavaScript Event (XSS) [10043]
PASS: Big Redirect Detected (Potential Sensitive Information Leak) [10044]
PASS: Retrieved from Cache [10050]
PASS: X-ChromeLogger-Data (XCOLD) Header Information Leak [10052]
PASS: Cookie without SameSite Attribute [10054]
PASS: CSP [10055]
PASS: X-Debug-Token Information Leak [10056]
PASS: Username Hash Found [10057]
PASS: X-AspNet-Version Response Header [10061]
PASS: PII Disclosure [10062]
PASS: Timestamp Disclosure [10096]
PASS: Hash Disclosure [10097]
PASS: Cross-Domain Misconfiguration [10098]
PASS: Source Code Disclosure [10099]
PASS: Weak Authentication Method [10105]
PASS: Reverse Tabnabbing [10108]
PASS: Dangerous JS Functions [10110]
PASS: Authentication Request Identified [10111]
PASS: Session Management Response Identified [10112]
PASS: Verification Request Identified [10113]
PASS: Script Served From Malicious Domain (polyfill) [10115]
PASS: ZAP is Out of Date [10116]
PASS: Absence of Anti-CSRF Tokens [10202]
PASS: Private IP Disclosure [2]
PASS: Session ID in URL Rewrite [3]
PASS: Script Passive Scan Rules [50001]
PASS: Stats Passive Scan Rule [50003]
PASS: Insecure JSF ViewState [90001]
PASS: Java Serialization Object [90002]
PASS: Sub Resource Integrity Attribute Missing [90003]
PASS: Charset Mismatch [90011]
PASS: Application Error Disclosure [90022]
PASS: WSDL File Detection [90030]
PASS: Loosely Scoped Cookie [90033]
WARN-NEW: Missing Anti-clickjacking Header [10020] x 2 
	http://host.docker.internal:8888 (200 OK)
	http://host.docker.internal:8888/sitemap.xml (200 OK)
WARN-NEW: X-Content-Type-Options Header Missing [10021] x 5 
	http://host.docker.internal:8888 (200 OK)
	http://host.docker.internal:8888/favicon.ico (200 OK)
	http://host.docker.internal:8888/robots.txt (200 OK)
	http://host.docker.internal:8888/sitemap.xml (200 OK)
	http://host.docker.internal:8888/static/css/main.6f4cafae.chunk.css (200 OK)
WARN-NEW: Server Leaks Version Information via "Server" HTTP Response Header Field [10036] x 5 
	http://host.docker.internal:8888 (200 OK)
	http://host.docker.internal:8888/favicon.ico (200 OK)
	http://host.docker.internal:8888/robots.txt (200 OK)
	http://host.docker.internal:8888/sitemap.xml (200 OK)
	http://host.docker.internal:8888/static/css/main.6f4cafae.chunk.css (200 OK)
WARN-NEW: Content Security Policy (CSP) Header Not Set [10038] x 2 
	http://host.docker.internal:8888 (200 OK)
	http://host.docker.internal:8888/sitemap.xml (200 OK)
WARN-NEW: Storable and Cacheable Content [10049] x 5 
	http://host.docker.internal:8888 (200 OK)
	http://host.docker.internal:8888/favicon.ico (200 OK)
	http://host.docker.internal:8888/robots.txt (200 OK)
	http://host.docker.internal:8888/sitemap.xml (200 OK)
	http://host.docker.internal:8888/static/css/main.6f4cafae.chunk.css (200 OK)
WARN-NEW: Permissions Policy Header Not Set [10063] x 4 
	http://host.docker.internal:8888 (200 OK)
	http://host.docker.internal:8888/sitemap.xml (200 OK)
	http://host.docker.internal:8888/static/js/2.3bfae04b.chunk.js (200 OK)
	http://host.docker.internal:8888/static/js/main.6da40874.chunk.js (200 OK)
WARN-NEW: Modern Web Application [10109] x 2 
	http://host.docker.internal:8888 (200 OK)
	http://host.docker.internal:8888/sitemap.xml (200 OK)
WARN-NEW: Cross-Origin-Embedder-Policy Header Missing or Invalid [90004] x 9 
	http://host.docker.internal:8888 (200 OK)
	http://host.docker.internal:8888/sitemap.xml (200 OK)
	http://host.docker.internal:8888 (200 OK)
	http://host.docker.internal:8888/sitemap.xml (200 OK)
	http://host.docker.internal:8888 (200 OK)
FAIL-NEW: 0	FAIL-INPROG: 0	WARN-NEW: 8	WARN-INPROG: 0	INFO: 0	IGNORE: 0	PASS: 59
